0 verbose cli /usr/local/bin/node /usr/local/bin/npm
1 info using npm@11.17.0
2 info using node@v24.19.0
3 silly config load:file:/usr/local/lib/node_modules/npm/npmrc
4 silly config load:file:/Users/hazael/Desktop/uniswap/.npmrc
5 silly config load:file:/Users/hazael/.npmrc
6 silly config load:file:/usr/local/etc/npmrc
7 verbose title npm install next-auth bcryptjs @prisma/client
8 verbose argv "install" "--legacy-peer-deps" "next-auth" "bcryptjs" "@prisma/client"
9 verbose logfile logs-max:10 dir:/Users/hazael/Desktop/uniswap/.npm_cache/_logs/2026-08-27T22_23_55_771Z-
10 verbose logfile /Users/hazael/Desktop/uniswap/.npm_cache/_logs/2026-08-27T22_23_55_771Z-debug-0.log
11 silly logfile done cleaning log files
12 silly packumentCache heap:4496293888 maxSize:1124073472 maxEntrySize:562036736
13 silly idealTree buildDeps
14 silly fetch manifest next-auth@*
15 silly packumentCache full:https://registry.npmjs.org/next-auth cache-miss
16 http fetch GET 200 https://registry.npmjs.org/next-auth 144ms (cache miss)
17 silly packumentCache full:https://registry.npmjs.org/next-auth set size:undefined disposed:false
18 silly fetch manifest bcryptjs@*
19 silly packumentCache full:https://registry.npmjs.org/bcryptjs cache-miss
20 http fetch GET 200 https://registry.npmjs.org/bcryptjs 30ms (cache miss)
21 silly packumentCache full:https://registry.npmjs.org/bcryptjs set size:undefined disposed:false
22 silly fetch manifest @prisma/client@*
23 silly packumentCache full:https://registry.npmjs.org/@prisma%2fclient cache-miss
24 http fetch GET 200 https://registry.npmjs.org/@prisma%2fclient 973ms (cache miss)
25 silly packumentCache full:https://registry.npmjs.org/@prisma%2fclient set size:undefined disposed:false
26 silly placeDep ROOT @prisma/client@7.10.0 OK for: app-temp@0.1.0 want: *
27 silly placeDep ROOT bcryptjs@3.0.3 OK for: app-temp@0.1.0 want: *
28 silly placeDep ROOT next-auth@4.24.15 OK for: app-temp@0.1.0 want: *
29 silly fetch manifest @prisma/client-runtime-utils@7.10.0
30 silly packumentCache full:https://registry.npmjs.org/@prisma%2fclient-runtime-utils cache-miss
31 silly fetch manifest @babel/runtime@^7.20.13
32 silly packumentCache full:https://registry.npmjs.org/@babel%2fruntime cache-miss
33 silly fetch manifest @panva/hkdf@^1.0.2
34 silly packumentCache full:https://registry.npmjs.org/@panva%2fhkdf cache-miss
35 silly fetch manifest cookie@^0.7.0
36 silly packumentCache full:https://registry.npmjs.org/cookie cache-miss
37 silly fetch manifest jose@^4.15.5
38 silly packumentCache full:https://registry.npmjs.org/jose cache-miss
39 silly fetch manifest oauth@^0.9.15
40 silly packumentCache full:https://registry.npmjs.org/oauth cache-miss
41 silly fetch manifest openid-client@^5.4.0
42 silly packumentCache full:https://registry.npmjs.org/openid-client cache-miss
43 silly fetch manifest preact@^10.6.3
44 silly packumentCache full:https://registry.npmjs.org/preact cache-miss
45 silly fetch manifest preact-render-to-string@^5.1.19
46 silly packumentCache full:https://registry.npmjs.org/preact-render-to-string cache-miss
47 silly fetch manifest uuid@^11.1.1
48 silly packumentCache full:https://registry.npmjs.org/uuid cache-miss
49 http fetch GET 200 https://registry.npmjs.org/oauth 87ms (cache miss)
50 silly packumentCache full:https://registry.npmjs.org/oauth set size:undefined disposed:false
51 http fetch GET 200 https://registry.npmjs.org/cookie 88ms (cache miss)
52 silly packumentCache full:https://registry.npmjs.org/cookie set size:undefined disposed:false
53 http fetch GET 200 https://registry.npmjs.org/@panva%2fhkdf 92ms (cache miss)
54 silly packumentCache full:https://registry.npmjs.org/@panva%2fhkdf set size:undefined disposed:false
55 http fetch GET 200 https://registry.npmjs.org/uuid 93ms (cache miss)
56 silly packumentCache full:https://registry.npmjs.org/uuid set size:undefined disposed:false
57 http fetch GET 200 https://registry.npmjs.org/preact-render-to-string 97ms (cache miss)
58 silly packumentCache full:https://registry.npmjs.org/preact-render-to-string set size:undefined disposed:false
59 http fetch GET 200 https://registry.npmjs.org/openid-client 110ms (cache miss)
60 silly packumentCache full:https://registry.npmjs.org/openid-client set size:undefined disposed:false
61 http fetch GET 200 https://registry.npmjs.org/preact 121ms (cache miss)
62 silly packumentCache full:https://registry.npmjs.org/preact set size:undefined disposed:false
63 http fetch GET 200 https://registry.npmjs.org/jose 129ms (cache miss)
64 silly packumentCache full:https://registry.npmjs.org/jose set size:undefined disposed:false
65 http fetch GET 200 https://registry.npmjs.org/@babel%2fruntime 195ms (cache miss)
66 silly packumentCache full:https://registry.npmjs.org/@babel%2fruntime set size:undefined disposed:false
67 http fetch GET 200 https://registry.npmjs.org/@prisma%2fclient-runtime-utils 346ms (cache miss)
68 silly packumentCache full:https://registry.npmjs.org/@prisma%2fclient-runtime-utils set size:undefined disposed:false
69 silly placeDep ROOT @prisma/client-runtime-utils@7.10.0 OK for: @prisma/client@7.10.0 want: 7.10.0
70 silly placeDep ROOT @babel/runtime@7.29.7 OK for: next-auth@4.24.15 want: ^7.20.13
71 silly placeDep ROOT @panva/hkdf@1.2.1 OK for: next-auth@4.24.15 want: ^1.0.2
72 silly placeDep ROOT cookie@0.7.2 OK for: next-auth@4.24.15 want: ^0.7.0
73 silly placeDep ROOT jose@4.15.9 OK for: next-auth@4.24.15 want: ^4.15.5
74 silly placeDep ROOT oauth@0.9.15 OK for: next-auth@4.24.15 want: ^0.9.15
75 silly placeDep ROOT openid-client@5.7.1 OK for: next-auth@4.24.15 want: ^5.4.0
76 silly placeDep ROOT preact@10.29.8 OK for: next-auth@4.24.15 want: ^10.6.3
77 silly placeDep ROOT preact-render-to-string@5.2.6 OK for: next-auth@4.24.15 want: ^5.1.19
78 silly placeDep ROOT uuid@11.1.1 OK for: next-auth@4.24.15 want: ^11.1.1
79 silly fetch manifest lru-cache@^6.0.0
80 silly packumentCache full:https://registry.npmjs.org/lru-cache cache-miss
81 silly fetch manifest object-hash@^2.2.0
82 silly packumentCache full:https://registry.npmjs.org/object-hash cache-miss
83 silly fetch manifest oidc-token-hash@^5.0.3
84 silly packumentCache full:https://registry.npmjs.org/oidc-token-hash cache-miss
85 silly fetch manifest pretty-format@^3.8.0
86 silly packumentCache full:https://registry.npmjs.org/pretty-format cache-miss
87 http cache https://registry.npmjs.org/lru-cache 7ms (cache hit)
88 silly packumentCache full:https://registry.npmjs.org/lru-cache set size:460407 disposed:false
89 http fetch GET 200 https://registry.npmjs.org/object-hash 29ms (cache miss)
90 silly packumentCache full:https://registry.npmjs.org/object-hash set size:undefined disposed:false
91 http fetch GET 200 https://registry.npmjs.org/pretty-format 56ms (cache miss)
92 silly packumentCache full:https://registry.npmjs.org/pretty-format set size:undefined disposed:false
93 http fetch GET 200 https://registry.npmjs.org/oidc-token-hash 205ms (cache miss)
94 silly packumentCache full:https://registry.npmjs.org/oidc-token-hash set size:undefined disposed:false
95 silly placeDep node_modules/openid-client lru-cache@6.0.0 OK for: openid-client@5.7.1 want: ^6.0.0
96 silly placeDep ROOT object-hash@2.2.0 OK for: openid-client@5.7.1 want: ^2.2.0
97 silly placeDep ROOT oidc-token-hash@5.2.0 OK for: openid-client@5.7.1 want: ^5.0.3
98 silly fetch manifest yallist@^4.0.0
99 silly packumentCache full:https://registry.npmjs.org/yallist cache-miss
100 http cache https://registry.npmjs.org/yallist 3ms (cache hit)
101 silly packumentCache full:https://registry.npmjs.org/yallist set size:34610 disposed:false
102 silly placeDep ROOT pretty-format@3.8.0 OK for: preact-render-to-string@5.2.6 want: ^3.8.0
103 silly placeDep node_modules/openid-client yallist@4.0.0 OK for: lru-cache@6.0.0 want: ^4.0.0
104 silly reify moves {}
105 silly audit bulk request {
105 silly audit   '@alloc/quick-lru': [ '5.2.0' ],
105 silly audit   '@babel/code-frame': [ '7.29.7' ],
105 silly audit   '@babel/compat-data': [ '7.29.7' ],
105 silly audit   '@babel/core': [ '7.29.7' ],
105 silly audit   '@babel/generator': [ '7.29.8' ],
105 silly audit   '@babel/helper-compilation-targets': [ '7.29.7' ],
105 silly audit   '@babel/helper-globals': [ '7.29.7' ],
105 silly audit   '@babel/helper-module-imports': [ '7.29.7' ],
105 silly audit   '@babel/helper-module-transforms': [ '7.29.7' ],
105 silly audit   '@babel/helper-string-parser': [ '7.29.7' ],
105 silly audit   '@babel/helper-validator-identifier': [ '7.29.7' ],
105 silly audit   '@babel/helper-validator-option': [ '7.29.7' ],
105 silly audit   '@babel/helpers': [ '7.29.7' ],
105 silly audit   '@babel/parser': [ '7.29.8' ],
105 silly audit   '@babel/template': [ '7.29.7' ],
105 silly audit   '@babel/traverse': [ '7.29.8' ],
105 silly audit   '@babel/types': [ '7.29.8' ],
105 silly audit   '@emnapi/core': [ '1.10.0' ],
105 silly audit   '@emnapi/runtime': [ '1.11.3', '1.10.0' ],
105 silly audit   '@emnapi/wasi-threads': [ '1.2.1' ],
105 silly audit   '@eslint-community/eslint-utils': [ '4.10.1', '4.9.1' ],
105 silly audit   'eslint-visitor-keys': [ '3.4.3', '5.0.1', '4.2.1' ],
105 silly audit   '@eslint-community/regexpp': [ '4.12.2' ],
105 silly audit   '@eslint/config-array': [ '0.21.2' ],
105 silly audit   '@eslint/config-helpers': [ '0.4.2' ],
105 silly audit   '@eslint/core': [ '0.17.0' ],
105 silly audit   '@eslint/eslintrc': [ '3.3.6' ],
105 silly audit   '@eslint/js': [ '9.39.5' ],
105 silly audit   '@eslint/object-schema': [ '2.1.7' ],
105 silly audit   '@eslint/plugin-kit': [ '0.4.1' ],
105 silly audit   '@humanfs/core': [ '0.19.2' ],
105 silly audit   '@humanfs/node': [ '0.16.8' ],
105 silly audit   '@humanfs/types': [ '0.15.0' ],
105 silly audit   '@humanwhocodes/module-importer': [ '1.0.1' ],
105 silly audit   '@humanwhocodes/retry': [ '0.4.3' ],
105 silly audit   '@img/colour': [ '1.1.0' ],
105 silly audit   '@img/sharp-darwin-arm64': [ '0.35.4' ],
105 silly audit   '@img/sharp-darwin-x64': [ '0.35.4' ],
105 silly audit   '@img/sharp-freebsd-wasm32': [ '0.35.4' ],
105 silly audit   '@img/sharp-libvips-darwin-arm64': [ '1.3.3' ],
105 silly audit   '@img/sharp-libvips-darwin-x64': [ '1.3.3' ],
105 silly audit   '@img/sharp-libvips-linux-arm': [ '1.3.3' ],
105 silly audit   '@img/sharp-libvips-linux-arm64': [ '1.3.3' ],
105 silly audit   '@img/sharp-libvips-linux-ppc64': [ '1.3.3' ],
105 silly audit   '@img/sharp-libvips-linux-riscv64': [ '1.3.3' ],
105 silly audit   '@img/sharp-libvips-linux-s390x': [ '1.3.3' ],
105 silly audit   '@img/sharp-libvips-linux-x64': [ '1.3.3' ],
105 silly audit   '@img/sharp-libvips-linuxmusl-arm64': [ '1.3.3' ],
105 silly audit   '@img/sharp-libvips-linuxmusl-x64': [ '1.3.3' ],
105 silly audit   '@img/sharp-linux-arm': [ '0.35.4' ],
105 silly audit   '@img/sharp-linux-arm64': [ '0.35.4' ],
105 silly audit   '@img/sharp-linux-ppc64': [ '0.35.4' ],
105 silly audit   '@img/sharp-linux-riscv64': [ '0.35.4' ],
105 silly audit   '@img/sharp-linux-s390x': [ '0.35.4' ],
105 silly audit   '@img/sharp-linux-x64': [ '0.35.4' ],
105 silly audit   '@img/sharp-linuxmusl-arm64': [ '0.35.4' ],
105 silly audit   '@img/sharp-linuxmusl-x64': [ '0.35.4' ],
105 silly audit   '@img/sharp-wasm32': [ '0.35.4' ],
105 silly audit   '@img/sharp-webcontainers-wasm32': [ '0.35.4' ],
105 silly audit   '@img/sharp-win32-arm64': [ '0.35.4' ],
105 silly audit   '@img/sharp-win32-ia32': [ '0.35.4' ],
105 silly audit   '@img/sharp-win32-x64': [ '0.35.4' ],
105 silly audit   '@jridgewell/gen-mapping': [ '0.3.13' ],
105 silly audit   '@jridgewell/remapping': [ '2.3.5' ],
105 silly audit   '@jridgewell/resolve-uri': [ '3.1.2' ],
105 silly audit   '@jridgewell/sourcemap-codec': [ '1.5.5' ],
105 silly audit   '@jridgewell/trace-mapping': [ '0.3.31' ],
105 silly audit   '@napi-rs/wasm-runtime': [ '1.2.3' ],
105 silly audit   '@next/env': [ '16.3.3' ],
105 silly audit   '@next/eslint-plugin-next': [ '16.3.3' ],
105 silly audit   '@next/swc-darwin-arm64': [ '16.3.3' ],
105 silly audit   '@next/swc-darwin-x64': [ '16.3.3' ],
105 silly audit   '@next/swc-linux-arm64-gnu': [ '16.3.3' ],
105 silly audit   '@next/swc-linux-arm64-musl': [ '16.3.3' ],
105 silly audit   '@next/swc-linux-x64-gnu': [ '16.3.3' ],
105 silly audit   '@next/swc-linux-x64-musl': [ '16.3.3' ],
105 silly audit   '@next/swc-win32-arm64-msvc': [ '16.3.3' ],
105 silly audit   '@next/swc-win32-x64-msvc': [ '16.3.3' ],
105 silly audit   '@nodelib/fs.scandir': [ '2.1.5' ],
105 silly audit   '@nodelib/fs.stat': [ '2.0.5' ],
105 silly audit   '@nodelib/fs.walk': [ '1.2.8' ],
105 silly audit   '@nolyfill/is-core-module': [ '1.0.39' ],
105 silly audit   '@rtsao/scc': [ '1.1.0' ],
105 silly audit   '@swc/helpers': [ '0.5.23' ],
105 silly audit   '@tailwindcss/node': [ '4.3.3' ],
105 silly audit   '@tailwindcss/oxide': [ '4.3.3' ],
105 silly audit   '@tailwindcss/oxide-android-arm64': [ '4.3.3' ],
105 silly audit   '@tailwindcss/oxide-darwin-arm64': [ '4.3.3' ],
105 silly audit   '@tailwindcss/oxide-darwin-x64': [ '4.3.3' ],
105 silly audit   '@tailwindcss/oxide-freebsd-x64': [ '4.3.3' ],
105 silly audit   '@tailwindcss/oxide-linux-arm-gnueabihf': [ '4.3.3' ],
105 silly audit   '@tailwindcss/oxide-linux-arm64-gnu': [ '4.3.3' ],
105 silly audit   '@tailwindcss/oxide-linux-arm64-musl': [ '4.3.3' ],
105 silly audit   '@tailwindcss/oxide-linux-x64-gnu': [ '4.3.3' ],
105 silly audit   '@tailwindcss/oxide-linux-x64-musl': [ '4.3.3' ],
105 silly audit   '@tailwindcss/oxide-wasm32-wasi': [ '4.3.3' ],
105 silly audit   '@tailwindcss/oxide-win32-arm64-msvc': [ '4.3.3' ],
105 silly audit   '@tailwindcss/oxide-win32-x64-msvc': [ '4.3.3' ],
105 silly audit   '@tailwindcss/postcss': [ '4.3.3' ],
105 silly audit   '@tybys/wasm-util': [ '0.10.3' ],
105 silly audit   '@types/estree': [ '1.0.9' ],
105 silly audit   '@types/json-schema': [ '7.0.15' ],
105 silly audit   '@types/json5': [ '0.0.29' ],
105 silly audit   '@types/node': [ '20.19.43' ],
105 silly audit   '@types/react': [ '19.2.18' ],
105 silly audit   '@types/react-dom': [ '19.2.5' ],
105 silly audit   '@typescript-eslint/eslint-plugin': [ '8.68.0' ],
105 silly audit   ignore: [ '7.0.6', '5.3.2' ],
105 silly audit   '@typescript-eslint/parser': [ '8.68.0' ],
105 silly audit   '@typescript-eslint/project-service': [ '8.68.0' ],
105 silly audit   '@typescript-eslint/scope-manager': [ '8.68.0' ],
105 silly audit   '@typescript-eslint/tsconfig-utils': [ '8.68.0' ],
105 silly audit   '@typescript-eslint/type-utils': [ '8.68.0' ],
105 silly audit   '@typescript-eslint/types': [ '8.68.0' ],
105 silly audit   '@typescript-eslint/typescript-estree': [ '8.68.0' ],
105 silly audit   'balanced-match': [ '4.0.4', '1.0.2' ],
105 silly audit   'brace-expansion': [ '5.0.9', '1.1.18' ],
105 silly audit   minimatch: [ '10.2.6', '3.1.5' ],
105 silly audit   semver: [ '7.8.5', '6.3.1' ],
105 silly audit   '@typescript-eslint/utils': [ '8.68.0' ],
105 silly audit   '@typescript-eslint/visitor-keys': [ '8.68.0' ],
105 silly audit   '@unrs/resolver-binding-android-arm-eabi': [ '1.12.2' ],
105 silly audit   '@unrs/resolver-binding-android-arm64': [ '1.12.2' ],
105 silly audit   '@unrs/resolver-binding-darwin-arm64': [ '1.12.2' ],
105 silly audit   '@unrs/resolver-binding-darwin-x64': [ '1.12.2' ],
105 silly audit   '@unrs/resolver-binding-freebsd-x64': [ '1.12.2' ],
105 silly audit   '@unrs/resolver-binding-linux-arm-gnueabihf': [ '1.12.2' ],
105 silly audit   '@unrs/resolver-binding-linux-arm-musleabihf': [ '1.12.2' ],
105 silly audit   '@unrs/resolver-binding-linux-arm64-gnu': [ '1.12.2' ],
105 silly audit   '@unrs/resolver-binding-linux-arm64-musl': [ '1.12.2' ],
105 silly audit   '@unrs/resolver-binding-linux-loong64-gnu': [ '1.12.2' ],
105 silly audit   '@unrs/resolver-binding-linux-loong64-musl': [ '1.12.2' ],
105 silly audit   '@unrs/resolver-binding-linux-ppc64-gnu': [ '1.12.2' ],
105 silly audit   '@unrs/resolver-binding-linux-riscv64-gnu': [ '1.12.2' ],
105 silly audit   '@unrs/resolver-binding-linux-riscv64-musl': [ '1.12.2' ],
105 silly audit   '@unrs/resolver-binding-linux-s390x-gnu': [ '1.12.2' ],
105 silly audit   '@unrs/resolver-binding-linux-x64-gnu': [ '1.12.2' ],
105 silly audit   '@unrs/resolver-binding-linux-x64-musl': [ '1.12.2' ],
105 silly audit   '@unrs/resolver-binding-openharmony-arm64': [ '1.12.2' ],
105 silly audit   '@unrs/resolver-binding-wasm32-wasi': [ '1.12.2' ],
105 silly audit   '@unrs/resolver-binding-win32-arm64-msvc': [ '1.12.2' ],
105 silly audit   '@unrs/resolver-binding-win32-ia32-msvc': [ '1.12.2' ],
105 silly audit   '@unrs/resolver-binding-win32-x64-msvc': [ '1.12.2' ],
105 silly audit   acorn: [ '8.18.0' ],
105 silly audit   'acorn-jsx': [ '5.3.2' ],
105 silly audit   ajv: [ '6.15.0' ],
105 silly audit   'ansi-styles': [ '4.3.0' ],
105 silly audit   argparse: [ '2.0.1' ],
105 silly audit   'aria-query': [ '5.3.2' ],
105 silly audit   'array-buffer-byte-length': [ '1.0.2' ],
105 silly audit   'array-includes': [ '3.1.9' ],
105 silly audit   'array.prototype.findlast': [ '1.2.5' ],
105 silly audit   'array.prototype.findlastindex': [ '1.2.6' ],
105 silly audit   'array.prototype.flat': [ '1.3.3' ],
105 silly audit   'array.prototype.flatmap': [ '1.3.3' ],
105 silly audit   'array.prototype.tosorted': [ '1.1.4' ],
105 silly audit   'arraybuffer.prototype.slice': [ '1.0.4' ],
105 silly audit   'ast-types-flow': [ '0.0.8' ],
105 silly audit   'async-function': [ '1.0.0' ],
105 silly audit   'available-typed-arrays': [ '1.0.7' ],
105 silly audit   'axe-core': [ '4.13.0' ],
105 silly audit   'axobject-query': [ '4.1.0' ],
105 silly audit   'baseline-browser-mapping': [ '2.11.19' ],
105 silly audit   braces: [ '3.0.3' ],
105 silly audit   browserslist: [ '4.28.8' ],
105 silly audit   'call-bind': [ '1.0.9' ],
105 silly audit   'call-bind-apply-helpers': [ '1.0.2' ],
105 silly audit   'call-bound': [ '1.0.4' ],
105 silly audit   callsites: [ '3.1.0' ],
105 silly audit   'caniuse-lite': [ '1.0.30001810' ],
105 silly audit   chalk: [ '4.1.2' ],
105 silly audit   'client-only': [ '0.0.1' ],
105 silly audit   'color-convert': [ '2.0.1' ],
105 silly audit   'color-name': [ '1.1.4' ],
105 silly audit   'concat-map': [ '0.0.1' ],
105 silly audit   'convert-source-map': [ '2.0.0' ],
105 silly audit   'cross-spawn': [ '7.0.6' ],
105 silly audit   csstype: [ '3.2.3' ],
105 silly audit   'damerau-levenshtein': [ '1.0.8' ],
105 silly audit   'data-view-buffer': [ '1.0.2' ],
105 silly audit   'data-view-byte-length': [ '1.0.2' ],
105 silly audit   'data-view-byte-offset': [ '1.0.1' ],
105 silly audit   debug: [ '4.4.3', '3.2.7' ],
105 silly audit   'deep-is': [ '0.1.4' ],
105 silly audit   'define-data-property': [ '1.1.4' ],
105 silly audit   'define-properties': [ '1.2.1' ],
105 silly audit   'detect-libc': [ '2.1.2' ],
105 silly audit   doctrine: [ '2.1.0' ],
105 silly audit   'dunder-proto': [ '1.0.1' ],
105 silly audit   'electron-to-chromium': [ '1.5.415' ],
105 silly audit   'emoji-regex': [ '9.2.2' ],
105 silly audit   'enhanced-resolve': [ '5.24.5' ],
105 silly audit   'es-abstract': [ '1.24.2' ],
105 silly audit   'es-abstract-get': [ '1.0.0' ],
105 silly audit   'es-define-property': [ '1.0.1' ],
105 silly audit   'es-errors': [ '1.3.0' ],
105 silly audit   'es-iterator-helpers': [ '1.4.0' ],
105 silly audit   'es-object-atoms': [ '1.1.2' ],
105 silly audit   'es-set-tostringtag': [ '2.1.0' ],
105 silly audit   'es-shim-unscopables': [ '1.1.0' ],
105 silly audit   'es-to-primitive': [ '1.3.4' ],
105 silly audit   escalade: [ '3.2.0' ],
105 silly audit   'escape-string-regexp': [ '4.0.0' ],
105 silly audit   eslint: [ '9.39.5' ],
105 silly audit   'eslint-config-next': [ '16.3.3' ],
105 silly audit   globals: [ '16.4.0', '14.0.0' ],
105 silly audit   'eslint-import-resolver-node': [ '0.3.10' ],
105 silly audit   'eslint-import-resolver-typescript': [ '3.10.1' ],
105 silly audit   'eslint-module-utils': [ '2.14.0' ],
105 silly audit   'eslint-plugin-import': [ '2.32.0' ],
105 silly audit   'eslint-plugin-jsx-a11y': [ '6.10.2' ],
105 silly audit   'eslint-plugin-react': [ '7.37.5' ],
105 silly audit   'eslint-plugin-react-hooks': [ '7.1.1' ],
105 silly audit   'eslint-scope': [ '8.4.0' ],
105 silly audit   espree: [ '10.4.0' ],
105 silly audit   esquery: [ '1.7.0' ],
105 silly audit   esrecurse: [ '4.3.0' ],
105 silly audit   estraverse: [ '5.3.0' ],
105 silly audit   esutils: [ '2.0.3' ],
105 silly audit   'fast-deep-equal': [ '3.1.3' ],
105 silly audit   'fast-glob': [ '3.3.1' ],
105 silly audit   'glob-parent': [ '5.1.2', '6.0.2' ],
105 silly audit   'fast-json-stable-stringify': [ '2.1.0' ],
105 silly audit   'fast-levenshtein': [ '2.0.6' ],
105 silly audit   fastq: [ '1.20.1' ],
105 silly audit   fdir: [ '6.5.0' ],
105 silly audit   'file-entry-cache': [ '8.0.0' ],
105 silly audit   'fill-range': [ '7.1.1' ],
105 silly audit   'find-up': [ '5.0.0' ],
105 silly audit   'flat-cache': [ '4.0.1' ],
105 silly audit   flatted: [ '3.4.4' ],
105 silly audit   'for-each': [ '0.3.5' ],
105 silly audit   'function-bind': [ '1.1.2' ],
105 silly audit   'function.prototype.name': [ '1.2.0' ],
105 silly audit   'functions-have-names': [ '1.2.3' ],
105 silly audit   'generator-function': [ '2.0.1' ],
105 silly audit   gensync: [ '1.0.0-beta.2' ],
105 silly audit   'get-intrinsic': [ '1.3.0' ],
105 silly audit   'get-proto': [ '1.0.1' ],
105 silly audit   'get-symbol-description': [ '1.1.0' ],
105 silly audit   'get-tsconfig': [ '4.14.3' ],
105 silly audit   globalthis: [ '1.0.4' ],
105 silly audit   gopd: [ '1.2.0' ],
105 silly audit   'graceful-fs': [ '4.2.11' ],
105 silly audit   'has-bigints': [ '1.1.0' ],
105 silly audit   'has-flag': [ '4.0.0' ],
105 silly audit   'has-property-descriptors': [ '1.0.2' ],
105 silly audit   'has-proto': [ '1.2.0' ],
105 silly audit   'has-symbols': [ '1.1.0' ],
105 silly audit   'has-tostringtag': [ '1.0.2' ],
105 silly audit   hasown: [ '2.0.4' ],
105 silly audit   'hermes-estree': [ '0.25.1' ],
105 silly audit   'hermes-parser': [ '0.25.1' ],
105 silly audit   'import-fresh': [ '3.3.1' ],
105 silly audit   imurmurhash: [ '0.1.4' ],
105 silly audit   'internal-slot': [ '1.1.0' ],
105 silly audit   'is-array-buffer': [ '3.0.5' ],
105 silly audit   'is-async-function': [ '2.1.1' ],
105 silly audit   'is-bigint': [ '1.1.0' ],
105 silly audit   'is-boolean-object': [ '1.2.2' ],
105 silly audit   'is-bun-module': [ '2.0.0' ],
105 silly audit   'is-callable': [ '1.2.7' ],
105 silly audit   'is-core-module': [ '2.16.2' ],
105 silly audit   'is-data-view': [ '1.0.2' ],
105 silly audit   'is-date-object': [ '1.1.0' ],
105 silly audit   'is-document.all': [ '1.0.0' ],
105 silly audit   'is-extglob': [ '2.1.1' ],
105 silly audit   'is-finalizationregistry': [ '1.1.1' ],
105 silly audit   'is-generator-function': [ '1.1.2' ],
105 silly audit   'is-glob': [ '4.0.3' ],
105 silly audit   'is-map': [ '2.0.3' ],
105 silly audit   'is-negative-zero': [ '2.0.3' ],
105 silly audit   'is-number': [ '7.0.0' ],
105 silly audit   'is-number-object': [ '1.1.1' ],
105 silly audit   'is-regex': [ '1.2.1' ],
105 silly audit   'is-set': [ '2.0.3' ],
105 silly audit   'is-shared-array-buffer': [ '1.0.4' ],
105 silly audit   'is-string': [ '1.1.1' ],
105 silly audit   'is-symbol': [ '1.1.1' ],
105 silly audit   'is-typed-array': [ '1.1.15' ],
105 silly audit   'is-weakmap': [ '2.0.2' ],
105 silly audit   'is-weakref': [ '1.1.1' ],
105 silly audit   'is-weakset': [ '2.0.4' ],
105 silly audit   isarray: [ '2.0.5' ],
105 silly audit   isexe: [ '2.0.0' ],
105 silly audit   'iterator.prototype': [ '1.1.5' ],
105 silly audit   jiti: [ '2.7.0' ],
105 silly audit   'js-tokens': [ '4.0.0' ],
105 silly audit   'js-yaml': [ '4.3.2' ],
105 silly audit   jsesc: [ '3.1.0' ],
105 silly audit   'json-buffer': [ '3.0.1' ],
105 silly audit   'json-schema-traverse': [ '0.4.1' ],
105 silly audit   'json-stable-stringify-without-jsonify': [ '1.0.1' ],
105 silly audit   json5: [ '2.2.3', '1.0.2' ],
105 silly audit   'jsx-ast-utils': [ '3.3.5' ],
105 silly audit   keyv: [ '4.5.4' ],
105 silly audit   'language-subtag-registry': [ '0.3.23' ],
105 silly audit   'language-tags': [ '1.0.9' ],
105 silly audit   levn: [ '0.4.1' ],
105 silly audit   lightningcss: [ '1.32.0' ],
105 silly audit   'lightningcss-android-arm64': [ '1.32.0' ],
105 silly audit   'lightningcss-darwin-arm64': [ '1.32.0' ],
105 silly audit   'lightningcss-darwin-x64': [ '1.32.0' ],
105 silly audit   'lightningcss-freebsd-x64': [ '1.32.0' ],
105 silly audit   'lightningcss-linux-arm-gnueabihf': [ '1.32.0' ],
105 silly audit   'lightningcss-linux-arm64-gnu': [ '1.32.0' ],
105 silly audit   'lightningcss-linux-arm64-musl': [ '1.32.0' ],
105 silly audit   'lightningcss-linux-x64-gnu': [ '1.32.0' ],
105 silly audit   'lightningcss-linux-x64-musl': [ '1.32.0' ],
105 silly audit   'lightningcss-win32-arm64-msvc': [ '1.32.0' ],
105 silly audit   'lightningcss-win32-x64-msvc': [ '1.32.0' ],
105 silly audit   'locate-path': [ '6.0.0' ],
105 silly audit   'lodash.merge': [ '4.6.2' ],
105 silly audit   'loose-envify': [ '1.4.0' ],
105 silly audit   'lru-cache': [ '5.1.1', '6.0.0' ],
105 silly audit   'magic-string': [ '0.30.21' ],
105 silly audit   'math-intrinsics': [ '1.1.0' ],
105 silly audit   merge2: [ '1.4.1' ],
105 silly audit   micromatch: [ '4.0.8' ],
105 silly audit   minimist: [ '1.2.8' ],
105 silly audit   ms: [ '2.1.3' ],
105 silly audit   nanoid: [ '3.3.18' ],
105 silly audit   'napi-postinstall': [ '0.3.4' ],
105 silly audit   'natural-compare': [ '1.4.0' ],
105 silly audit   next: [ '16.3.3' ],
105 silly audit   postcss: [ '8.5.23', '8.5.26' ],
105 silly audit   'node-exports-info': [ '1.6.2' ],
105 silly audit   'node-releases': [ '2.0.54' ],
105 silly audit   'object-assign': [ '4.1.1' ],
105 silly audit   'object-inspect': [ '1.13.4' ],
105 silly audit   'object-keys': [ '1.1.1' ],
105 silly audit   'object.assign': [ '4.1.7' ],
105 silly audit   'object.entries': [ '1.1.9' ],
105 silly audit   'object.fromentries': [ '2.0.8' ],
105 silly audit   'object.groupby': [ '1.0.3' ],
105 silly audit   'object.values': [ '1.2.1' ],
105 silly audit   optionator: [ '0.9.4' ],
105 silly audit   'own-keys': [ '1.0.2' ],
105 silly audit   'p-limit': [ '3.1.0' ],
105 silly audit   'p-locate': [ '5.0.0' ],
105 silly audit   'parent-module': [ '1.0.1' ],
105 silly audit   'path-exists': [ '4.0.0' ],
105 silly audit   'path-key': [ '3.1.1' ],
105 silly audit   'path-parse': [ '1.0.7' ],
105 silly audit   picocolors: [ '1.1.1' ],
105 silly audit   picomatch: [ '2.3.2', '4.0.7' ],
105 silly audit   'possible-typed-array-names': [ '1.1.0' ],
105 silly audit   'prelude-ls': [ '1.2.1' ],
105 silly audit   'prop-types': [ '15.8.1' ],
105 silly audit   punycode: [ '2.3.1' ],
105 silly audit   'queue-microtask': [ '1.2.3' ],
105 silly audit   react: [ '19.2.8' ],
105 silly audit   'react-dom': [ '19.2.8' ],
105 silly audit   'react-is': [ '16.13.1' ],
105 silly audit   'reflect.getprototypeof': [ '1.0.10' ],
105 silly audit   'regexp.prototype.flags': [ '1.5.4' ],
105 silly audit   resolve: [ '2.0.0-next.7' ],
105 silly audit   'resolve-from': [ '4.0.0' ],
105 silly audit   'resolve-pkg-maps': [ '1.0.0' ],
105 silly audit   reusify: [ '1.1.0' ],
105 silly audit   'run-parallel': [ '1.2.0' ],
105 silly audit   'safe-array-concat': [ '1.1.4' ],
105 silly audit   'safe-push-apply': [ '1.0.0' ],
105 silly audit   'safe-regex-test': [ '1.1.0' ],
105 silly audit   scheduler: [ '0.27.0' ],
105 silly audit   'set-function-length': [ '1.2.2' ],
105 silly audit   'set-function-name': [ '2.0.2' ],
105 silly audit   'set-proto': [ '1.0.0' ],
105 silly audit   sharp: [ '0.35.4' ],
105 silly audit   'shebang-command': [ '2.0.0' ],
105 silly audit   'shebang-regex': [ '3.0.0' ],
105 silly audit   'side-channel': [ '1.1.1' ],
105 silly audit   'side-channel-list': [ '1.0.1' ],
105 silly audit   'side-channel-map': [ '1.0.1' ],
105 silly audit   'side-channel-weakmap': [ '1.0.2' ],
105 silly audit   'source-map-js': [ '1.2.1' ],
105 silly audit   'stable-hash': [ '0.0.5' ],
105 silly audit   'stop-iteration-iterator': [ '1.1.0' ],
105 silly audit   'string.prototype.includes': [ '2.0.1' ],
105 silly audit   'string.prototype.matchall': [ '4.0.12' ],
105 silly audit   'string.prototype.repeat': [ '1.0.0' ],
105 silly audit   'string.prototype.trim': [ '1.2.11' ],
105 silly audit   'string.prototype.trimend': [ '1.0.10' ],
105 silly audit   'string.prototype.trimstart': [ '1.0.8' ],
105 silly audit   'strip-bom': [ '3.0.0' ],
105 silly audit   'strip-json-comments': [ '3.1.1' ],
105 silly audit   'styled-jsx': [ '5.1.6' ],
105 silly audit   'supports-color': [ '7.2.0' ],
105 silly audit   'supports-preserve-symlinks-flag': [ '1.0.0' ],
105 silly audit   tailwindcss: [ '4.3.3' ],
105 silly audit   tapable: [ '2.3.3' ],
105 silly audit   tinyglobby: [ '0.2.17' ],
105 silly audit   'to-regex-range': [ '5.0.1' ],
105 silly audit   'ts-api-utils': [ '2.5.0' ],
105 silly audit   'tsconfig-paths': [ '3.15.0' ],
105 silly audit   tslib: [ '2.8.1' ],
105 silly audit   'type-check': [ '0.4.0' ],
105 silly audit   'typed-array-buffer': [ '1.0.3' ],
105 silly audit   'typed-array-byte-length': [ '1.0.3' ],
105 silly audit   'typed-array-byte-offset': [ '1.0.4' ],
105 silly audit   'typed-array-length': [ '1.0.8' ],
105 silly audit   typescript: [ '5.9.3' ],
105 silly audit   'typescript-eslint': [ '8.68.0' ],
105 silly audit   'unbox-primitive': [ '1.1.0' ],
105 silly audit   'undici-types': [ '6.21.0' ],
105 silly audit   'unrs-resolver': [ '1.12.2' ],
105 silly audit   'update-browserslist-db': [ '1.3.2' ],
105 silly audit   'uri-js': [ '4.4.1' ],
105 silly audit   which: [ '2.0.2' ],
105 silly audit   'which-boxed-primitive': [ '1.1.1' ],
105 silly audit   'which-builtin-type': [ '1.2.1' ],
105 silly audit   'which-collection': [ '1.0.2' ],
105 silly audit   'which-typed-array': [ '1.1.22' ],
105 silly audit   'word-wrap': [ '1.2.5' ],
105 silly audit   yallist: [ '3.1.1', '4.0.0' ],
105 silly audit   'yocto-queue': [ '0.1.0' ],
105 silly audit   zod: [ '4.4.3' ],
105 silly audit   'zod-validation-error': [ '4.0.2' ],
105 silly audit   '@prisma/client': [ '7.10.0' ],
105 silly audit   bcryptjs: [ '3.0.3' ],
105 silly audit   'next-auth': [ '4.24.15' ],
105 silly audit   '@prisma/client-runtime-utils': [ '7.10.0' ],
105 silly audit   '@babel/runtime': [ '7.29.7' ],
105 silly audit   '@panva/hkdf': [ '1.2.1' ],
105 silly audit   cookie: [ '0.7.2' ],
105 silly audit   jose: [ '4.15.9' ],
105 silly audit   oauth: [ '0.9.15' ],
105 silly audit   'openid-client': [ '5.7.1' ],
105 silly audit   preact: [ '10.29.8' ],
105 silly audit   'preact-render-to-string': [ '5.2.6' ],
105 silly audit   uuid: [ '11.1.1' ],
105 silly audit   'object-hash': [ '2.2.0' ],
105 silly audit   'oidc-token-hash': [ '5.2.0' ],
105 silly audit   'pretty-format': [ '3.8.0' ]
105 silly audit }
106 http cache oidc-token-hash@https://registry.npmjs.org/oidc-token-hash/-/oidc-token-hash-5.2.0.tgz 0ms (cache hit)
107 http cache pretty-format@https://registry.npmjs.org/pretty-format/-/pretty-format-3.8.0.tgz 0ms (cache hit)
108 http cache uuid@https://registry.npmjs.org/uuid/-/uuid-11.1.1.tgz 0ms (cache hit)
109 http cache preact@https://registry.npmjs.org/preact/-/preact-10.29.8.tgz 0ms (cache hit)
110 http cache openid-client@https://registry.npmjs.org/openid-client/-/openid-client-5.7.1.tgz 0ms (cache hit)
111 http cache object-hash@https://registry.npmjs.org/object-hash/-/object-hash-2.2.0.tgz 0ms (cache hit)
112 http cache oauth@https://registry.npmjs.org/oauth/-/oauth-0.9.15.tgz 0ms (cache hit)
113 http cache preact-render-to-string@https://registry.npmjs.org/preact-render-to-string/-/preact-render-to-string-5.2.6.tgz 0ms (cache hit)
114 http cache jose@https://registry.npmjs.org/jose/-/jose-4.15.9.tgz 0ms (cache hit)
115 http cache cookie@https://registry.npmjs.org/cookie/-/cookie-0.7.2.tgz 0ms (cache hit)
116 http cache @panva/hkdf@https://registry.npmjs.org/@panva/hkdf/-/hkdf-1.2.1.tgz 0ms (cache hit)
117 http cache @prisma/client-runtime-utils@https://registry.npmjs.org/@prisma/client-runtime-utils/-/client-runtime-utils-7.10.0.tgz 0ms (cache hit)
118 http cache @babel/runtime@https://registry.npmjs.org/@babel/runtime/-/runtime-7.29.7.tgz 0ms (cache hit)
119 http cache next-auth@https://registry.npmjs.org/next-auth/-/next-auth-4.24.15.tgz 0ms (cache hit)
120 http cache bcryptjs@https://registry.npmjs.org/bcryptjs/-/bcryptjs-3.0.3.tgz 0ms (cache hit)
121 http cache @prisma/client@https://registry.npmjs.org/@prisma/client/-/client-7.10.0.tgz 0ms (cache hit)
122 http cache yallist@https://registry.npmjs.org/yallist/-/yallist-4.0.0.tgz 0ms (cache hit)
123 http cache lru-cache@https://registry.npmjs.org/lru-cache/-/lru-cache-6.0.0.tgz 0ms (cache hit)
124 silly tarball no local data for oidc-token-hash@https://registry.npmjs.org/oidc-token-hash/-/oidc-token-hash-5.2.0.tgz. Extracting by manifest.
125 silly tarball no local data for pretty-format@https://registry.npmjs.org/pretty-format/-/pretty-format-3.8.0.tgz. Extracting by manifest.
126 silly tarball no local data for uuid@https://registry.npmjs.org/uuid/-/uuid-11.1.1.tgz. Extracting by manifest.
127 silly tarball no local data for preact@https://registry.npmjs.org/preact/-/preact-10.29.8.tgz. Extracting by manifest.
128 silly tarball no local data for object-hash@https://registry.npmjs.org/object-hash/-/object-hash-2.2.0.tgz. Extracting by manifest.
129 silly tarball no local data for oauth@https://registry.npmjs.org/oauth/-/oauth-0.9.15.tgz. Extracting by manifest.
130 silly tarball no local data for preact-render-to-string@https://registry.npmjs.org/preact-render-to-string/-/preact-render-to-string-5.2.6.tgz. Extracting by manifest.
131 silly tarball no local data for jose@https://registry.npmjs.org/jose/-/jose-4.15.9.tgz. Extracting by manifest.
132 silly tarball no local data for openid-client@https://registry.npmjs.org/openid-client/-/openid-client-5.7.1.tgz. Extracting by manifest.
133 silly tarball no local data for cookie@https://registry.npmjs.org/cookie/-/cookie-0.7.2.tgz. Extracting by manifest.
134 silly tarball no local data for @panva/hkdf@https://registry.npmjs.org/@panva/hkdf/-/hkdf-1.2.1.tgz. Extracting by manifest.
135 silly tarball no local data for @prisma/client-runtime-utils@https://registry.npmjs.org/@prisma/client-runtime-utils/-/client-runtime-utils-7.10.0.tgz. Extracting by manifest.
136 silly tarball no local data for @babel/runtime@https://registry.npmjs.org/@babel/runtime/-/runtime-7.29.7.tgz. Extracting by manifest.
137 silly tarball no local data for next-auth@https://registry.npmjs.org/next-auth/-/next-auth-4.24.15.tgz. Extracting by manifest.
138 silly tarball no local data for bcryptjs@https://registry.npmjs.org/bcryptjs/-/bcryptjs-3.0.3.tgz. Extracting by manifest.
139 silly tarball no local data for @prisma/client@https://registry.npmjs.org/@prisma/client/-/client-7.10.0.tgz. Extracting by manifest.
140 silly tarball no local data for yallist@https://registry.npmjs.org/yallist/-/yallist-4.0.0.tgz. Extracting by manifest.
141 silly tarball no local data for lru-cache@https://registry.npmjs.org/lru-cache/-/lru-cache-6.0.0.tgz. Extracting by manifest.
142 http fetch GET 200 https://registry.npmjs.org/pretty-format/-/pretty-format-3.8.0.tgz 54ms (cache miss)
143 http fetch GET 200 https://registry.npmjs.org/oidc-token-hash/-/oidc-token-hash-5.2.0.tgz 56ms (cache miss)
144 http fetch GET 200 https://registry.npmjs.org/object-hash/-/object-hash-2.2.0.tgz 55ms (cache miss)
145 http fetch GET 200 https://registry.npmjs.org/yallist/-/yallist-4.0.0.tgz 61ms (cache miss)
146 http fetch GET 200 https://registry.npmjs.org/oauth/-/oauth-0.9.15.tgz 66ms (cache miss)
147 http fetch GET 200 https://registry.npmjs.org/lru-cache/-/lru-cache-6.0.0.tgz 67ms (cache miss)
148 http fetch GET 200 https://registry.npmjs.org/bcryptjs/-/bcryptjs-3.0.3.tgz 70ms (cache miss)
149 http fetch GET 200 https://registry.npmjs.org/preact-render-to-string/-/preact-render-to-string-5.2.6.tgz 74ms (cache miss)
150 http fetch GET 200 https://registry.npmjs.org/openid-client/-/openid-client-5.7.1.tgz 75ms (cache miss)
151 http fetch GET 200 https://registry.npmjs.org/cookie/-/cookie-0.7.2.tgz 90ms (cache miss)
152 http fetch GET 200 https://registry.npmjs.org/@prisma/client-runtime-utils/-/client-runtime-utils-7.10.0.tgz 113ms (cache miss)
153 http fetch GET 200 https://registry.npmjs.org/@panva/hkdf/-/hkdf-1.2.1.tgz 125ms (cache miss)
154 http fetch GET 200 https://registry.npmjs.org/preact/-/preact-10.29.8.tgz 135ms (cache miss)
155 http fetch GET 200 https://registry.npmjs.org/uuid/-/uuid-11.1.1.tgz 153ms (cache miss)
156 http fetch POST 200 https://registry.npmjs.org/-/npm/v1/security/advisories/bulk 190ms
157 silly audit report {}
158 http fetch GET 200 https://registry.npmjs.org/@babel/runtime/-/runtime-7.29.7.tgz 220ms (cache miss)
159 http fetch GET 200 https://registry.npmjs.org/jose/-/jose-4.15.9.tgz 269ms (cache miss)
160 http fetch GET 200 https://registry.npmjs.org/next-auth/-/next-auth-4.24.15.tgz 280ms (cache miss)
161 http fetch GET 200 https://registry.npmjs.org/@prisma/client/-/client-7.10.0.tgz 460ms (cache miss)
162 silly ADD node_modules/pretty-format
163 silly ADD node_modules/oidc-token-hash
164 silly ADD node_modules/object-hash
165 silly ADD node_modules/uuid
166 silly ADD node_modules/preact-render-to-string
167 silly ADD node_modules/preact
168 silly ADD node_modules/openid-client
169 silly ADD node_modules/openid-client/node_modules/yallist
170 silly ADD node_modules/openid-client/node_modules/lru-cache
171 silly ADD node_modules/oauth
172 silly ADD node_modules/jose
173 silly ADD node_modules/cookie
174 silly ADD node_modules/@panva/hkdf
175 silly ADD node_modules/@babel/runtime
176 silly ADD node_modules/@prisma/client-runtime-utils
177 silly ADD node_modules/next-auth
178 silly ADD node_modules/bcryptjs
179 silly ADD node_modules/@prisma/client
180 warn allow-scripts 1 package has install scripts not yet covered by allowScripts:
180 warn allow-scripts   unrs-resolver@1.12.2 (postinstall: node postinstall.js)
180 warn allow-scripts
180 warn allow-scripts Run `npm approve-scripts --allow-scripts-pending` to review, or `npm approve-scripts <pkg>` to allow.
181 verbose cwd /Users/hazael/Desktop/uniswap
182 verbose os Darwin 23.6.0
183 verbose node v24.19.0
184 verbose npm  v11.17.0
185 verbose exit 0
186 info ok
